// Jest Snapshot v1, https://goo.gl/fbAQLP

exports[`Profile Should render submit button 1`] = `
<div>
  <div
    class="combineContentAndSidebar MuiBox-root css-0"
  >
    <div
      class="siteBodyContainer MuiBox-root css-0"
    >
      <div
        class="MuiStack-root css-q9mojd-MuiStack-root"
      >
        <div
          class="MuiStack-root css-nen11g-MuiStack-root"
        >
          <div
            class="MuiStack-root css-1lwbda4-MuiStack-root"
          >
            <nav
              aria-label="breadcrumb"
              class="MuiTypography-root MuiTypography-body1 MuiBreadcrumbs-root css-63vwl1-MuiTypography-root-MuiBreadcrumbs-root"
            >
              <ol
                class="MuiBreadcrumbs-ol css-4pdmu4-MuiBreadcrumbs-ol"
              >
                <li
                  class="MuiBreadcrumbs-li"
                >
                  <a
                    color="inherit"
                    href="https://mangoit-lms.mangoitsol.com/user/dashboard"
                    style="color: rgb(125, 134, 165); text-decoration: none;"
                  >
                    Home
                  </a>
                </li>
                <li
                  aria-hidden="true"
                  class="MuiBreadcrumbs-separator css-1wuw8dw-MuiBreadcrumbs-separator"
                >
                  ›
                </li>
                <li
                  class="MuiBreadcrumbs-li"
                >
                  <a
                    color="inherit"
                    href="#"
                    style="color: rgb(232, 102, 27); text-decoration: none;"
                  >
                    Profile
                  </a>
                </li>
              </ol>
            </nav>
          </div>
          <h5
            class="MuiTypography-root MuiTypography-h5 MuiTypography-gutterBottom css-h93ljk-MuiTypography-root"
            style="font-weight: bold; color: rgb(51, 51, 51);"
          >
            USER PROFILE
          </h5>
        </div>
      </div>
      <div
        class="MuiPaper-root MuiPaper-elevation MuiPaper-rounded MuiPaper-elevation1 MuiCard-root css-bhp9pd-MuiPaper-root-MuiCard-root"
      >
        <div
          class="MuiCardContent-root css-46bh2p-MuiCardContent-root"
        >
          <form
            autocomplete="off"
            class="MuiBox-root css-0"
            method="POST"
            novalidate=""
          >
            Record not found
          </form>
        </div>
      </div>
    </div>
  </div>
  <div
    class="Toastify"
  />
</div>
`;

exports[`Profile renders the Profile component 1`] = `
<div>
  <div
    class="combineContentAndSidebar MuiBox-root css-0"
  >
    <div
      class="siteBodyContainer MuiBox-root css-0"
    >
      <div
        class="MuiStack-root css-q9mojd-MuiStack-root"
      >
        <div
          class="MuiStack-root css-nen11g-MuiStack-root"
        >
          <div
            class="MuiStack-root css-1lwbda4-MuiStack-root"
          >
            <nav
              aria-label="breadcrumb"
              class="MuiTypography-root MuiTypography-body1 MuiBreadcrumbs-root css-63vwl1-MuiTypography-root-MuiBreadcrumbs-root"
            >
              <ol
                class="MuiBreadcrumbs-ol css-4pdmu4-MuiBreadcrumbs-ol"
              >
                <li
                  class="MuiBreadcrumbs-li"
                >
                  <a
                    color="inherit"
                    href="https://mangoit-lms.mangoitsol.com/user/dashboard"
                    style="color: rgb(125, 134, 165); text-decoration: none;"
                  >
                    Home
                  </a>
                </li>
                <li
                  aria-hidden="true"
                  class="MuiBreadcrumbs-separator css-1wuw8dw-MuiBreadcrumbs-separator"
                >
                  ›
                </li>
                <li
                  class="MuiBreadcrumbs-li"
                >
                  <a
                    color="inherit"
                    href="#"
                    style="color: rgb(232, 102, 27); text-decoration: none;"
                  >
                    Profile
                  </a>
                </li>
              </ol>
            </nav>
          </div>
          <h5
            class="MuiTypography-root MuiTypography-h5 MuiTypography-gutterBottom css-h93ljk-MuiTypography-root"
            style="font-weight: bold; color: rgb(51, 51, 51);"
          >
            USER PROFILE
          </h5>
        </div>
      </div>
      <div
        class="MuiPaper-root MuiPaper-elevation MuiPaper-rounded MuiPaper-elevation1 MuiCard-root css-bhp9pd-MuiPaper-root-MuiCard-root"
      >
        <div
          class="MuiCardContent-root css-46bh2p-MuiCardContent-root"
        >
          <form
            autocomplete="off"
            class="MuiBox-root css-0"
            method="POST"
            novalidate=""
          >
            Record not found
          </form>
        </div>
      </div>
    </div>
  </div>
  <div
    class="Toastify"
  />
</div>
`;
